// Jest Snapshot v1, https://goo.gl/fbAQLP

exports[`Footer renders correctly 1`] = `
<div
  className="ui vertical segment fixDown"
>
  <div
    className="ui center aligned container"
  >
    <div>
      <div
        className="item"
        onClick={[Function]}
      >
        Copyright Â© 
        2018
         Joey Zheng
      </div>
      <div
        className="item"
        onClick={[Function]}
      >
        v 1.0
      </div>
    </div>
  </div>
</div>
`;
