// Jest Snapshot v1, https://goo.gl/fbAQLP

exports[`Hit renders correctly 1`] = `
<div
  className="item"
>
  <div
    className="content"
  >
    <a
      className="header"
      href="http://www.npr.org/sections"
    >
      <p
        dangerouslySetInnerHTML={
          Object {
            "__html": "How Well Can You Hear Audio Quality?",
          }
        }
      />
    </a>
    <div
      className="meta"
    >
      <div
        className="ui medium label marginTop"
        onClick={[Function]}
      >
        0
         points
      </div>
      <div
        className="ui medium label marginTop"
        onClick={[Function]}
      >
        <i
          aria-hidden="true"
          className="user icon"
        />
        <span
          dangerouslySetInnerHTML={
            Object {
              "__html": "pingec",
            }
          }
        />
      </div>
      <div
        className="ui medium label marginTop"
        onClick={[Function]}
      >
        3 years ago
      </div>
      <div
        className="ui medium label marginTop"
        onClick={[Function]}
      >
        comment
      </div>
    </div>
    <div
      className="description"
    >
      <div
        dangerouslySetInnerHTML={
          Object {
            "__html": "Similar test: <a href='http://test.tidalhifi.com'",
          }
        }
      />
    </div>
  </div>
</div>
`;
